../Drivers/CMSIS/Include/core_cm3.h:1876:26:ITM_SendChar	16	static,ignoring_inline_asm
../Core/Src/main.c:78:5:_write	32	static
../Core/Src/main.c:95:5:main	136	static
../Core/Src/main.c:217:6:SystemClock_Config	88	static
../Core/Src/main.c:261:13:MX_ADC1_Init	24	static
../Core/Src/main.c:308:13:MX_I2C2_Init	8	static
../Core/Src/main.c:342:13:MX_SPI2_Init	8	static
../Core/Src/main.c:380:13:MX_TIM1_Init	56	static
../Core/Src/main.c:430:13:MX_TIM2_Init	64	static
../Core/Src/main.c:493:13:MX_TIM3_Init	48	static
../Core/Src/main.c:555:13:MX_USART2_UART_Init	8	static
../Core/Src/main.c:586:13:MX_DMA_Init	16	static
../Core/Src/main.c:604:13:MX_GPIO_Init	48	static
../Core/Src/main.c:675:6:delay_us	16	static
../Core/Src/main.c:681:6:HAL_UART_RxCpltCallback	16	static
../Core/Src/main.c:692:6:Error_Handler	4	static,ignoring_inline_asm
