../Drivers/CMSIS/Include/core_cm3.h:1876:26:ITM_SendChar	16	static,ignoring_inline_asm
../Core/Src/main.c:78:5:_write	32	static
../Core/Src/main.c:86:6:HAL_UART_RxHalfCpltCallback	24	static
../Core/Src/main.c:91:6:HAL_UART_RxCpltCallback	16	static
../Core/Src/main.c:104:5:main	48	static
../Core/Src/main.c:227:6:SystemClock_Config	88	static
../Core/Src/main.c:271:13:MX_ADC1_Init	24	static
../Core/Src/main.c:318:13:MX_I2C2_Init	8	static
../Core/Src/main.c:352:13:MX_SPI2_Init	8	static
../Core/Src/main.c:390:13:MX_TIM1_Init	56	static
../Core/Src/main.c:440:13:MX_TIM2_Init	64	static
../Core/Src/main.c:503:13:MX_TIM3_Init	48	static
../Core/Src/main.c:565:13:MX_USART2_UART_Init	8	static
../Core/Src/main.c:596:13:MX_DMA_Init	16	static
../Core/Src/main.c:614:13:MX_GPIO_Init	48	static
../Core/Src/main.c:685:6:delay_us	16	static
../Core/Src/main.c:701:6:Error_Handler	4	static,ignoring_inline_asm
