stm32f1xx_it.c:81:6:NMI_Handler	4	static
stm32f1xx_it.c:96:6:HardFault_Handler	4	static
stm32f1xx_it.c:111:6:MemManage_Handler	4	static
stm32f1xx_it.c:126:6:BusFault_Handler	4	static
stm32f1xx_it.c:141:6:UsageFault_Handler	4	static
stm32f1xx_it.c:156:6:SVC_Handler	4	static
stm32f1xx_it.c:169:6:DebugMon_Handler	4	static
stm32f1xx_it.c:182:6:PendSV_Handler	4	static
stm32f1xx_it.c:195:6:SysTick_Handler	8	static
stm32f1xx_it.c:225:6:TIM1_BRK_IRQHandler	8	static
stm32f1xx_it.c:239:6:TIM1_UP_IRQHandler	8	static
stm32f1xx_it.c:253:6:TIM1_TRG_COM_IRQHandler	8	static
stm32f1xx_it.c:267:6:TIM1_CC_IRQHandler	8	static
