../Core/Src/stm32f1xx_it.c:87:6:NMI_Handler	4	static
../Core/Src/stm32f1xx_it.c:102:6:HardFault_Handler	4	static
../Core/Src/stm32f1xx_it.c:117:6:MemManage_Handler	4	static
../Core/Src/stm32f1xx_it.c:132:6:BusFault_Handler	4	static
../Core/Src/stm32f1xx_it.c:147:6:UsageFault_Handler	4	static
../Core/Src/stm32f1xx_it.c:162:6:SVC_Handler	4	static
../Core/Src/stm32f1xx_it.c:175:6:DebugMon_Handler	4	static
../Core/Src/stm32f1xx_it.c:188:6:PendSV_Handler	4	static
../Core/Src/stm32f1xx_it.c:201:6:SysTick_Handler	8	static
../Core/Src/stm32f1xx_it.c:238:6:TIM1_BRK_IRQHandler	8	static
../Core/Src/stm32f1xx_it.c:252:6:TIM1_UP_IRQHandler	8	static
../Core/Src/stm32f1xx_it.c:266:6:TIM1_TRG_COM_IRQHandler	8	static
../Core/Src/stm32f1xx_it.c:280:6:TIM1_CC_IRQHandler	8	static
../Core/Src/stm32f1xx_it.c:294:6:TIM3_IRQHandler	8	static
