MadgwickAHRS.h:33:7:getRoll	8	static
MadgwickAHRS.h:37:7:getPitch	8	static
MadgwickAHRS.h:41:7:getYaw	8	static
imu.c:21:6:ICM_readBytes	40	static
imu.c:30:6:ICM_WriteBytes	24	static
imu.c:38:6:ICM_ReadOneByte	32	static
imu.c:47:6:ICM_WriteOneByte	24	static
imu.c:75:18:ICM_Mag_Read	24	static
imu.c:59:6:i2c_Mag_write	16	static
imu.c:115:6:ICM_ReadMag	16	static
imu.c:92:8:ICM20948_READ_MAG	0	static
imu.c:193:6:ICM_ReadAccelGyro	40	static
imu.c:214:6:ICM_CorrectAccelGyro	12	static
imu.c:224:6:ICM_SelectBank	0	static
imu.c:152:10:ICM_Initialize	8	static
imu.c:228:6:ICM_Enable_I2C	0	static
imu.c:232:6:ICM_SetClock	0	static
imu.c:236:6:ICM_AccelGyroOff	0	static
imu.c:240:6:ICM_AccelGyroOn	0	static
imu.c:136:6:ICM_PowerOn	8	static
imu.c:244:9:ICM_WHOAMI	16	static
imu.c:250:6:ICM_SetGyroRateLPF	0	static
imu.c:254:6:ICM20948_Calibrate	24	static
