stm32f1xx_hal_flash 3.c:168:19:HAL_FLASH_Program	48	static
stm32f1xx_hal_flash 3.c:267:19:HAL_FLASH_Program_IT	32	static
stm32f1xx_hal_flash 3.c:332:6:HAL_FLASH_IRQHandler	16	static
stm32f1xx_hal_flash 3.c:606:13:HAL_FLASH_EndOfOperationCallback	16	static
stm32f1xx_hal_flash 3.c:624:13:HAL_FLASH_OperationErrorCallback	16	static
stm32f1xx_hal_flash 3.c:657:19:HAL_FLASH_Unlock	16	static
stm32f1xx_hal_flash 3.c:695:19:HAL_FLASH_Lock	4	static
stm32f1xx_hal_flash 3.c:712:19:HAL_FLASH_OB_Unlock	4	static
stm32f1xx_hal_flash 3.c:732:19:HAL_FLASH_OB_Lock	4	static
stm32f1xx_hal_flash 3.c:745:6:HAL_FLASH_OB_Launch	8	static
stm32f1xx_hal_flash 3.c:774:10:HAL_FLASH_GetError	4	static
stm32f1xx_hal_flash 3.c:797:13:FLASH_Program_HalfWord	16	static
stm32f1xx_hal_flash 3.c:826:19:FLASH_WaitForLastOperation	24	static
stm32f1xx_hal_flash 3.c:914:13:FLASH_SetErrorCode	16	static
